// Jest Snapshot v1, https://goo.gl/fbAQLP

exports[`login renders correctly 1`] = `
<View
  style={
    Object {
      "flex": 1,
    }
  }
>
  <ViewManagerAdapter_ExpoLinearGradient
    proxiedProperties={
      Object {
        "colors": Array [
          4289198296,
          4283231449,
          4279833944,
          4279304248,
        ],
        "endPoint": undefined,
        "locations": Array [
          0,
          0.1,
          0.8,
          1,
        ],
        "startPoint": undefined,
      }
    }
    style={
      Object {
        "flex": 1,
      }
    }
  >
    <View
      onLayout={[Function]}
      style={
        Array [
          Object {
            "flex": 1,
          },
          Object {
            "paddingBottom": 0,
          },
        ]
      }
    >
      <View
        accessible={true}
        focusable={true}
        onClick={[Function]}
        onResponderGrant={[Function]}
        onResponderMove={[Function]}
        onResponderRelease={[Function]}
        onResponderTerminate={[Function]}
        onResponderTerminationRequest={[Function]}
        onStartShouldSetResponder={[Function]}
        style={
          Object {
            "flex": 1,
            "paddingBottom": 30,
            "paddingLeft": 30,
            "paddingRight": 30,
            "paddingTop": 30,
          }
        }
      >
        <View
          style={
            Object {
              "alignItems": "center",
              "flex": 1,
              "flexDirection": "column",
              "justifyContent": "center",
            }
          }
        >
          <Image
            resizeMode="contain"
            source={1}
            style={
              Object {
                "height": 250,
                "width": 250,
              }
            }
          />
        </View>
        <View
          style={
            Object {
              "flex": 1,
            }
          }
        >
          <View
            style={
              Object {
                "flex": 1,
                "justifyContent": "space-around",
              }
            }
          >
            <View
              style={
                Object {
                  "flex": 3,
                  "justifyContent": "space-around",
                }
              }
            >
              <View
                style={
                  Object {
                    "alignItems": "center",
                    "flexDirection": "row",
                  }
                }
              >
                <TextInput
                  allowFontScaling={true}
                  autoCompleteType="off"
                  autoCorrect={false}
                  onChangeText={[Function]}
                  placeholder="EMAIL"
                  rejectResponderTermination={true}
                  style={
                    Object {
                      "borderBottomColor": "rgba(217, 217, 217, 1)",
                      "borderBottomWidth": 0.5,
                      "color": "#FFFFFF",
                      "flex": 1,
                      "fontSize": 15,
                      "padding": 2,
                    }
                  }
                  underlineColorAndroid="transparent"
                  value=""
                />
              </View>
              <View
                style={
                  Object {
                    "alignItems": "center",
                    "flexDirection": "row",
                  }
                }
              >
                <TextInput
                  allowFontScaling={true}
                  autoCompleteType="off"
                  autoCorrect={false}
                  onChangeText={[Function]}
                  placeholder="PASSWORD"
                  rejectResponderTermination={true}
                  secureTextEntry={true}
                  style={
                    Object {
                      "borderBottomColor": "rgba(217, 217, 217, 1)",
                      "borderBottomWidth": 0.5,
                      "color": "#FFFFFF",
                      "flex": 1,
                      "fontSize": 15,
                      "padding": 2,
                    }
                  }
                  underlineColorAndroid="transparent"
                  value=""
                />
              </View>
            </View>
            <View
              style={
                Object {
                  "alignItems": "flex-start",
                  "flex": 1,
                  "flexDirection": "row",
                  "justifyContent": "space-between",
                }
              }
            >
              <Text
                style={
                  Object {
                    "color": "red",
                    "fontSize": 14,
                  }
                }
              >
                
              </Text>
              <View
                accessible={true}
                focusable={true}
                isTVSelectable={true}
                onClick={[Function]}
                onResponderGrant={[Function]}
                onResponderMove={[Function]}
                onResponderRelease={[Function]}
                onResponderTerminate={[Function]}
                onResponderTerminationRequest={[Function]}
                onStartShouldSetResponder={[Function]}
                style={
                  Object {
                    "opacity": 1,
                  }
                }
              >
                <Text
                  style={
                    Object {
                      "color": "#D9D9D9",
                      "fontSize": 14,
                      "fontWeight": "200",
                      "letterSpacing": 0.2,
                      "textAlign": "right",
                    }
                  }
                >
                  Forgot password?
                </Text>
              </View>
            </View>
          </View>
          <View
            style={
              Object {
                "flex": 1,
                "justifyContent": "space-around",
              }
            }
          >
            <View
              accessible={true}
              focusable={true}
              isTVSelectable={true}
              onClick={[Function]}
              onResponderGrant={[Function]}
              onResponderMove={[Function]}
              onResponderRelease={[Function]}
              onResponderTerminate={[Function]}
              onResponderTerminationRequest={[Function]}
              onStartShouldSetResponder={[Function]}
              style={
                Object {
                  "alignSelf": "center",
                  "backgroundColor": "rgba(255, 255, 255, 0.4)",
                  "borderColor": "rgba(255, 255, 255, 0.4)",
                  "borderRadius": 12,
                  "borderWidth": 1,
                  "height": 60,
                  "justifyContent": "center",
                  "opacity": 1,
                  "width": "100%",
                }
              }
            >
              <Text
                style={
                  Object {
                    "color": "#FFFFFF",
                    "fontSize": 18,
                    "fontWeight": "400",
                    "letterSpacing": 0.5,
                    "textAlign": "center",
                  }
                }
              >
                SIGN IN
              </Text>
            </View>
            <View
              accessible={true}
              focusable={true}
              isTVSelectable={true}
              onClick={[Function]}
              onResponderGrant={[Function]}
              onResponderMove={[Function]}
              onResponderRelease={[Function]}
              onResponderTerminate={[Function]}
              onResponderTerminationRequest={[Function]}
              onStartShouldSetResponder={[Function]}
              style={
                Object {
                  "opacity": 1,
                }
              }
            >
              <Text
                style={
                  Object {
                    "color": "#FFFFFF",
                    "fontSize": 16,
                    "fontWeight": "200",
                    "letterSpacing": 0.2,
                    "marginTop": 20,
                    "textAlign": "center",
                  }
                }
              >
                New user?
                <Text
                  style={
                    Object {
                      "color": "#9CFFEE",
                      "fontWeight": "bold",
                    }
                  }
                >
                   Create an account
                </Text>
              </Text>
            </View>
          </View>
        </View>
      </View>
    </View>
  </ViewManagerAdapter_ExpoLinearGradient>
</View>
`;
